name1	pattern1	xx	yy
name2	pattern2	xx	yy	zz
name2	pattern2	xx	yy
